// Jest Snapshot v1, https://goo.gl/fbAQLP

exports[`title showing correctly 1`] = `
<div
  className="title"
>
  <div
    className="title-content"
  >
    <h4
      className="title"
    >
      Test Frontend Wheel Hub
    </h4>
  </div>
</div>
`;
